==== gf_diff_calculate_better_lineno 
---- It should work properly. 
........

==== gf_diff_investigate_the_hunk_under_the_cursor 
---- It should work properly. 
..................................

==== gf_diff_parse_diff_header_line 
---- It should work properly. 
.....

==== gf_diff_parse_hunk 
---- It should work properly. 
....

==== gf_diff_parse_hunk_header_line 
---- It should work properly. 
.....



**** Result ****


56 examples, 0 failures
